Microsoft Windows [Version 10.0.19043.1645]
(c) Microsoft Corporation. All rights reserved.

C:\Users\GONU>ssh -i Downloads/satya-jenkins.pem ubuntu@43.204.98.100
The authenticity of host '43.204.98.100 (43.204.98.100)' can't be established.
ECDSA key fingerprint is SHA256:tPACm27fnryw53uyHJGNbsmJyzqFOnNB4VQodbj8a+o.
Are you sure you want to continue connecting (yes/no/[fingerprint])? yes
Warning: Permanently added '43.204.98.100' (ECDSA) to the list of known hosts.
Welcome to Ubuntu 22.04 LTS (GNU/Linux 5.15.0-1011-aws x86_64)

 * Documentation:  https://help.ubuntu.com
 * Management:     https://landscape.canonical.com
 * Support:        https://ubuntu.com/advantage

  System information as of Sat Jul  2 02:33:18 UTC 2022

  System load:  0.05419921875     Processes:             122
  Usage of /:   22.0% of 7.58GB   Users logged in:       0
  Memory usage: 5%                IPv4 address for ens5: 172.31.5.255
  Swap usage:   0%

 * Ubuntu Pro delivers the most comprehensive open source security and
   compliance features.

   https://ubuntu.com/aws/pro

26 updates can be applied immediately.
10 of these updates are standard security updates.
To see these additional updates run: apt list --upgradable


Last login: Fri Jul  1 02:27:06 2022 from 223.225.62.159
To run a command as administrator (user "root"), use "sudo <command>".
See "man sudo_root" for details.

ubuntu@ip-172-31-5-255:~$ free -m
               total        used        free      shared  buff/cache   available
Mem:            3922         219        3316           0         386        3489
Swap:              0           0           0
ubuntu@ip-172-31-5-255:~$ sudo apt update
Get:1 http://security.ubuntu.com/ubuntu jammy-security InRelease [110 kB]
Hit:2 http://ap-south-1.ec2.archive.ubuntu.com/ubuntu jammy InRelease
Get:3 http://ap-south-1.ec2.archive.ubuntu.com/ubuntu jammy-updates InRelease [109 kB]
Get:4 http://ap-south-1.ec2.archive.ubuntu.com/ubuntu jammy-backports InRelease [99.8 kB]
Get:5 http://ap-south-1.ec2.archive.ubuntu.com/ubuntu jammy-updates/main amd64 Packages [331 kB]
Get:6 http://ap-south-1.ec2.archive.ubuntu.com/ubuntu jammy-updates/main Translation-en [80.8 kB]
Get:7 http://ap-south-1.ec2.archive.ubuntu.com/ubuntu jammy-updates/universe amd64 Packages [134 kB]
Fetched 865 kB in 2s (539 kB/s)
Reading package lists... Done
Building dependency tree... Done
Reading state information... Done
22 packages can be upgraded. Run 'apt list --upgradable' to see them.
ubuntu@ip-172-31-5-255:~$ sudo apt install default-jre
Reading package lists... Done
Building dependency tree... Done
Reading state information... Done
The following additional packages will be installed:
  alsa-topology-conf alsa-ucm-conf at-spi2-core ca-certificates-java dconf-gsettings-backend dconf-service
  default-jre-headless fontconfig-config fonts-dejavu-core fonts-dejavu-extra gsettings-desktop-schemas java-common
  libasound2 libasound2-data libatk-bridge2.0-0 libatk-wrapper-java libatk-wrapper-java-jni libatk1.0-0 libatk1.0-data
  libatspi2.0-0 libavahi-client3 libavahi-common-data libavahi-common3 libcups2 libdconf1 libdrm-amdgpu1 libdrm-intel1
  libdrm-nouveau2 libdrm-radeon1 libfontconfig1 libfontenc1 libgif7 libgl1 libgl1-amber-dri libgl1-mesa-dri
  libglapi-mesa libglvnd0 libglx-mesa0 libglx0 libgraphite2-3 libharfbuzz0b libice6 libjpeg-turbo8 libjpeg8 liblcms2-2
  libllvm13 libpciaccess0 libpcsclite1 libsensors-config libsensors5 libsm6 libvulkan1 libwayland-client0 libx11-xcb1
  libxaw7 libxcb-dri2-0 libxcb-dri3-0 libxcb-glx0 libxcb-present0 libxcb-randr0 libxcb-shape0 libxcb-shm0 libxcb-sync1
  libxcb-xfixes0 libxcomposite1 libxfixes3 libxft2 libxi6 libxinerama1 libxkbfile1 libxmu6 libxpm4 libxrandr2
  libxrender1 libxshmfence1 libxt6 libxtst6 libxv1 libxxf86dga1 libxxf86vm1 mesa-vulkan-drivers openjdk-11-jre
  openjdk-11-jre-headless session-migration x11-common x11-utils
Suggested packages:
  libasound2-plugins alsa-utils cups-common liblcms2-utils pcscd lm-sensors libnss-mdns fonts-ipafont-gothic
  fonts-ipafont-mincho fonts-wqy-microhei | fonts-wqy-zenhei fonts-indic mesa-utils
The following NEW packages will be installed:
  alsa-topology-conf alsa-ucm-conf at-spi2-core ca-certificates-java dconf-gsettings-backend dconf-service default-jre
  default-jre-headless fontconfig-config fonts-dejavu-core fonts-dejavu-extra gsettings-desktop-schemas java-common
  libasound2 libasound2-data libatk-bridge2.0-0 libatk-wrapper-java libatk-wrapper-java-jni libatk1.0-0 libatk1.0-data
  libatspi2.0-0 libavahi-client3 libavahi-common-data libavahi-common3 libcups2 libdconf1 libdrm-amdgpu1 libdrm-intel1
  libdrm-nouveau2 libdrm-radeon1 libfontconfig1 libfontenc1 libgif7 libgl1 libgl1-amber-dri libgl1-mesa-dri
  libglapi-mesa libglvnd0 libglx-mesa0 libglx0 libgraphite2-3 libharfbuzz0b libice6 libjpeg-turbo8 libjpeg8 liblcms2-2
  libllvm13 libpciaccess0 libpcsclite1 libsensors-config libsensors5 libsm6 libvulkan1 libwayland-client0 libx11-xcb1
  libxaw7 libxcb-dri2-0 libxcb-dri3-0 libxcb-glx0 libxcb-present0 libxcb-randr0 libxcb-shape0 libxcb-shm0 libxcb-sync1
  libxcb-xfixes0 libxcomposite1 libxfixes3 libxft2 libxi6 libxinerama1 libxkbfile1 libxmu6 libxpm4 libxrandr2
  libxrender1 libxshmfence1 libxt6 libxtst6 libxv1 libxxf86dga1 libxxf86vm1 mesa-vulkan-drivers openjdk-11-jre
  openjdk-11-jre-headless session-migration x11-common x11-utils
0 upgraded, 87 newly installed, 0 to remove and 22 not upgraded.
Need to get 87.9 MB of archives.
After this operation, 364 MB of additional disk space will be used.
Do you want to continue? [Y/n] y
Get:1 http://ap-south-1.ec2.archive.ubuntu.com/ubuntu jammy/main amd64 alsa-topology-conf all 1.2.5.1-2 [15.5 kB]
Get:2 http://ap-south-1.ec2.archive.ubuntu.com/ubuntu jammy/main amd64 libasound2-data all 1.2.6.1-1ubuntu1 [19.1 kB]
Get:3 http://ap-south-1.ec2.archive.ubuntu.com/ubuntu jammy/main amd64 libasound2 amd64 1.2.6.1-1ubuntu1 [390 kB]
Get:4 http://ap-south-1.ec2.archive.ubuntu.com/ubuntu jammy/main amd64 alsa-ucm-conf all 1.2.6.3-1ubuntu1 [41.0 kB]
Get:5 http://ap-south-1.ec2.archive.ubuntu.com/ubuntu jammy/main amd64 libxi6 amd64 2:1.8-1build1 [32.6 kB]
Get:6 http://ap-south-1.ec2.archive.ubuntu.com/ubuntu jammy/main amd64 libatspi2.0-0 amd64 2.44.0-3 [80.9 kB]
Get:7 http://ap-south-1.ec2.archive.ubuntu.com/ubuntu jammy/main amd64 x11-common all 1:7.7+23ubuntu2 [23.4 kB]
Get:8 http://ap-south-1.ec2.archive.ubuntu.com/ubuntu jammy/main amd64 libxtst6 amd64 2:1.2.3-1build4 [13.4 kB]
Get:9 http://ap-south-1.ec2.archive.ubuntu.com/ubuntu jammy/main amd64 libdconf1 amd64 0.40.0-3 [40.5 kB]
Get:10 http://ap-south-1.ec2.archive.ubuntu.com/ubuntu jammy/main amd64 dconf-service amd64 0.40.0-3 [28.5 kB]
Get:11 http://ap-south-1.ec2.archive.ubuntu.com/ubuntu jammy/main amd64 dconf-gsettings-backend amd64 0.40.0-3 [22.8 kB]Get:12 http://ap-south-1.ec2.archive.ubuntu.com/ubuntu jammy/main amd64 session-migration amd64 0.3.6 [9774 B]
Get:13 http://ap-south-1.ec2.archive.ubuntu.com/ubuntu jammy/main amd64 gsettings-desktop-schemas all 42.0-1ubuntu1 [31.1 kB]
Get:14 http://ap-south-1.ec2.archive.ubuntu.com/ubuntu jammy/main amd64 at-spi2-core amd64 2.44.0-3 [54.4 kB]
Get:15 http://ap-south-1.ec2.archive.ubuntu.com/ubuntu jammy/main amd64 java-common all 0.72build2 [6782 B]
Get:16 http://ap-south-1.ec2.archive.ubuntu.com/ubuntu jammy/main amd64 libavahi-common-data amd64 0.8-5ubuntu5 [23.9 kB]
Get:17 http://ap-south-1.ec2.archive.ubuntu.com/ubuntu jammy/main amd64 libavahi-common3 amd64 0.8-5ubuntu5 [23.7 kB]
Get:18 http://ap-south-1.ec2.archive.ubuntu.com/ubuntu jammy/main amd64 libavahi-client3 amd64 0.8-5ubuntu5 [28.1 kB]
Get:19 http://ap-south-1.ec2.archive.ubuntu.com/ubuntu jammy-updates/main amd64 libcups2 amd64 2.4.1op1-1ubuntu4.1 [264 kB]
Get:20 http://ap-south-1.ec2.archive.ubuntu.com/ubuntu jammy/main amd64 liblcms2-2 amd64 2.12~rc1-2build2 [159 kB]
Get:21 http://ap-south-1.ec2.archive.ubuntu.com/ubuntu jammy/main amd64 libjpeg-turbo8 amd64 2.1.2-0ubuntu1 [134 kB]
Get:22 http://ap-south-1.ec2.archive.ubuntu.com/ubuntu jammy/main amd64 libjpeg8 amd64 8c-2ubuntu10 [2264 B]
Get:23 http://ap-south-1.ec2.archive.ubuntu.com/ubuntu jammy/main amd64 fonts-dejavu-core all 2.37-2build1 [1041 kB]
Get:24 http://ap-south-1.ec2.archive.ubuntu.com/ubuntu jammy/main amd64 fontconfig-config all 2.13.1-4.2ubuntu5 [29.1 kB]
Get:25 http://ap-south-1.ec2.archive.ubuntu.com/ubuntu jammy/main amd64 libfontconfig1 amd64 2.13.1-4.2ubuntu5 [131 kB]
Get:26 http://ap-south-1.ec2.archive.ubuntu.com/ubuntu jammy/main amd64 libgraphite2-3 amd64 1.3.14-1build2 [71.3 kB]
Get:27 http://ap-south-1.ec2.archive.ubuntu.com/ubuntu jammy/main amd64 libharfbuzz0b amd64 2.7.4-1ubuntu3 [352 kB]
Get:28 http://ap-south-1.ec2.archive.ubuntu.com/ubuntu jammy/main amd64 libpcsclite1 amd64 1.9.5-3 [19.9 kB]
Get:29 http://ap-south-1.ec2.archive.ubuntu.com/ubuntu jammy-updates/main amd64 openjdk-11-jre-headless amd64 11.0.15+10-0ubuntu0.22.04.1 [41.5 MB]
Get:30 http://ap-south-1.ec2.archive.ubuntu.com/ubuntu jammy/main amd64 default-jre-headless amd64 2:1.11-72build2 [3042 B]
Get:31 http://ap-south-1.ec2.archive.ubuntu.com/ubuntu jammy/main amd64 ca-certificates-java all 20190909 [12.1 kB]
Get:32 http://ap-south-1.ec2.archive.ubuntu.com/ubuntu jammy/main amd64 libglvnd0 amd64 1.4.0-1 [73.6 kB]
Get:33 http://ap-south-1.ec2.archive.ubuntu.com/ubuntu jammy-updates/main amd64 libglapi-mesa amd64 22.0.1-1ubuntu2.1 [35.4 kB]
Get:34 http://ap-south-1.ec2.archive.ubuntu.com/ubuntu jammy/main amd64 libx11-xcb1 amd64 2:1.7.5-1 [7790 B]
Get:35 http://ap-south-1.ec2.archive.ubuntu.com/ubuntu jammy/main amd64 libxcb-dri2-0 amd64 1.14-3ubuntu3 [7206 B]
Get:36 http://ap-south-1.ec2.archive.ubuntu.com/ubuntu jammy/main amd64 libxcb-dri3-0 amd64 1.14-3ubuntu3 [6968 B]
Get:37 http://ap-south-1.ec2.archive.ubuntu.com/ubuntu jammy/main amd64 libxcb-glx0 amd64 1.14-3ubuntu3 [25.9 kB]
Get:38 http://ap-south-1.ec2.archive.ubuntu.com/ubuntu jammy/main amd64 libxcb-present0 amd64 1.14-3ubuntu3 [5734 B]
Get:39 http://ap-south-1.ec2.archive.ubuntu.com/ubuntu jammy/main amd64 libxcb-shm0 amd64 1.14-3ubuntu3 [5780 B]
Get:40 http://ap-south-1.ec2.archive.ubuntu.com/ubuntu jammy/main amd64 libxcb-sync1 amd64 1.14-3ubuntu3 [9416 B]
Get:41 http://ap-south-1.ec2.archive.ubuntu.com/ubuntu jammy/main amd64 libxcb-xfixes0 amd64 1.14-3ubuntu3 [9996 B]
Get:42 http://ap-south-1.ec2.archive.ubuntu.com/ubuntu jammy/main amd64 libxfixes3 amd64 1:6.0.0-1 [11.7 kB]
Get:43 http://ap-south-1.ec2.archive.ubuntu.com/ubuntu jammy/main amd64 libxshmfence1 amd64 1.3-1build4 [5394 B]
Get:44 http://ap-south-1.ec2.archive.ubuntu.com/ubuntu jammy/main amd64 libxxf86vm1 amd64 1:1.1.4-1build3 [10.4 kB]
Get:45 http://ap-south-1.ec2.archive.ubuntu.com/ubuntu jammy/main amd64 libdrm-amdgpu1 amd64 2.4.110-1ubuntu1 [20.0 kB]
Get:46 http://ap-south-1.ec2.archive.ubuntu.com/ubuntu jammy/main amd64 libdrm-nouveau2 amd64 2.4.110-1ubuntu1 [17.4 kB]Get:47 http://ap-south-1.ec2.archive.ubuntu.com/ubuntu jammy/main amd64 libdrm-radeon1 amd64 2.4.110-1ubuntu1 [21.5 kB]
Get:48 http://ap-south-1.ec2.archive.ubuntu.com/ubuntu jammy/main amd64 libllvm13 amd64 1:13.0.1-2ubuntu2 [22.1 MB]
Get:49 http://ap-south-1.ec2.archive.ubuntu.com/ubuntu jammy/main amd64 libsensors-config all 1:3.6.0-7ubuntu1 [5274 B]
Get:50 http://ap-south-1.ec2.archive.ubuntu.com/ubuntu jammy/main amd64 libsensors5 amd64 1:3.6.0-7ubuntu1 [26.3 kB]
Get:51 http://ap-south-1.ec2.archive.ubuntu.com/ubuntu jammy/main amd64 libvulkan1 amd64 1.3.204.1-2 [128 kB]
Get:52 http://ap-south-1.ec2.archive.ubuntu.com/ubuntu jammy-updates/main amd64 libgl1-mesa-dri amd64 22.0.1-1ubuntu2.1 [7468 kB]
Get:53 http://ap-south-1.ec2.archive.ubuntu.com/ubuntu jammy-updates/main amd64 libglx-mesa0 amd64 22.0.1-1ubuntu2.1 [154 kB]
Get:54 http://ap-south-1.ec2.archive.ubuntu.com/ubuntu jammy/main amd64 libglx0 amd64 1.4.0-1 [41.0 kB]
Get:55 http://ap-south-1.ec2.archive.ubuntu.com/ubuntu jammy/main amd64 libgl1 amd64 1.4.0-1 [110 kB]
Get:56 http://ap-south-1.ec2.archive.ubuntu.com/ubuntu jammy/main amd64 libgif7 amd64 5.1.9-2build2 [33.8 kB]
Get:57 http://ap-south-1.ec2.archive.ubuntu.com/ubuntu jammy/main amd64 libxrender1 amd64 1:0.9.10-1build4 [19.7 kB]
Get:58 http://ap-south-1.ec2.archive.ubuntu.com/ubuntu jammy-updates/main amd64 openjdk-11-jre amd64 11.0.15+10-0ubuntu0.22.04.1 [194 kB]
Get:59 http://ap-south-1.ec2.archive.ubuntu.com/ubuntu jammy/main amd64 default-jre amd64 2:1.11-72build2 [896 B]
Get:60 http://ap-south-1.ec2.archive.ubuntu.com/ubuntu jammy/main amd64 fonts-dejavu-extra all 2.37-2build1 [2041 kB]
Get:61 http://ap-south-1.ec2.archive.ubuntu.com/ubuntu jammy/main amd64 libatk1.0-data all 2.36.0-3build1 [2824 B]
Get:62 http://ap-south-1.ec2.archive.ubuntu.com/ubuntu jammy/main amd64 libatk1.0-0 amd64 2.36.0-3build1 [51.9 kB]
Get:63 http://ap-south-1.ec2.archive.ubuntu.com/ubuntu jammy/main amd64 libatk-bridge2.0-0 amd64 2.38.0-3 [66.6 kB]
Get:64 http://ap-south-1.ec2.archive.ubuntu.com/ubuntu jammy/main amd64 libfontenc1 amd64 1:1.1.4-1build3 [14.7 kB]
Get:65 http://ap-south-1.ec2.archive.ubuntu.com/ubuntu jammy/main amd64 libice6 amd64 2:1.0.10-1build2 [42.6 kB]
Get:66 http://ap-south-1.ec2.archive.ubuntu.com/ubuntu jammy/main amd64 libsm6 amd64 2:1.2.3-1build2 [16.7 kB]
Get:67 http://ap-south-1.ec2.archive.ubuntu.com/ubuntu jammy/main amd64 libxt6 amd64 1:1.2.1-1 [177 kB]
Get:68 http://ap-south-1.ec2.archive.ubuntu.com/ubuntu jammy/main amd64 libxmu6 amd64 2:1.1.3-3 [49.6 kB]
Get:69 http://ap-south-1.ec2.archive.ubuntu.com/ubuntu jammy/main amd64 libxpm4 amd64 1:3.5.12-1build2 [36.2 kB]
Get:70 http://ap-south-1.ec2.archive.ubuntu.com/ubuntu jammy/main amd64 libxaw7 amd64 2:1.0.14-1 [191 kB]
Get:71 http://ap-south-1.ec2.archive.ubuntu.com/ubuntu jammy/main amd64 libxcb-shape0 amd64 1.14-3ubuntu3 [6158 B]
Get:72 http://ap-south-1.ec2.archive.ubuntu.com/ubuntu jammy/main amd64 libxcomposite1 amd64 1:0.4.5-1build2 [7192 B]
Get:73 http://ap-south-1.ec2.archive.ubuntu.com/ubuntu jammy/main amd64 libxft2 amd64 2.3.4-1 [41.8 kB]
Get:74 http://ap-south-1.ec2.archive.ubuntu.com/ubuntu jammy/main amd64 libxinerama1 amd64 2:1.1.4-3 [7382 B]
Get:75 http://ap-south-1.ec2.archive.ubuntu.com/ubuntu jammy/main amd64 libxkbfile1 amd64 1:1.1.0-1build3 [71.8 kB]
Get:76 http://ap-south-1.ec2.archive.ubuntu.com/ubuntu jammy/main amd64 libxrandr2 amd64 2:1.5.2-1build1 [20.4 kB]
Get:77 http://ap-south-1.ec2.archive.ubuntu.com/ubuntu jammy/main amd64 libxv1 amd64 2:1.0.11-1build2 [11.2 kB]
Get:78 http://ap-south-1.ec2.archive.ubuntu.com/ubuntu jammy/main amd64 libxxf86dga1 amd64 2:1.1.5-0ubuntu3 [12.6 kB]
Get:79 http://ap-south-1.ec2.archive.ubuntu.com/ubuntu jammy/main amd64 x11-utils amd64 7.7+5build2 [206 kB]
Get:80 http://ap-south-1.ec2.archive.ubuntu.com/ubuntu jammy/main amd64 libatk-wrapper-java all 0.38.0-5build1 [53.1 kB]Get:81 http://ap-south-1.ec2.archive.ubuntu.com/ubuntu jammy/main amd64 libatk-wrapper-java-jni amd64 0.38.0-5build1 [49.0 kB]
Get:82 http://ap-south-1.ec2.archive.ubuntu.com/ubuntu jammy/main amd64 libpciaccess0 amd64 0.16-3 [19.1 kB]
Get:83 http://ap-south-1.ec2.archive.ubuntu.com/ubuntu jammy/main amd64 libdrm-intel1 amd64 2.4.110-1ubuntu1 [66.7 kB]
Get:84 http://ap-south-1.ec2.archive.ubuntu.com/ubuntu jammy/main amd64 libgl1-amber-dri amd64 21.3.7-0ubuntu1 [4433 kB]Get:85 http://ap-south-1.ec2.archive.ubuntu.com/ubuntu jammy/main amd64 libwayland-client0 amd64 1.20.0-1 [25.9 kB]
Get:86 http://ap-south-1.ec2.archive.ubuntu.com/ubuntu jammy/main amd64 libxcb-randr0 amd64 1.14-3ubuntu3 [18.3 kB]
Get:87 http://ap-south-1.ec2.archive.ubuntu.com/ubuntu jammy-updates/main amd64 mesa-vulkan-drivers amd64 22.0.1-1ubuntu2.1 [4974 kB]
Fetched 87.9 MB in 13s (6811 kB/s)
Extracting templates from packages: 100%
Selecting previously unselected package alsa-topology-conf.
(Reading database ... 63612 files and directories currently installed.)
Preparing to unpack .../00-alsa-topology-conf_1.2.5.1-2_all.deb ...
Unpacking alsa-topology-conf (1.2.5.1-2) ...
Selecting previously unselected package libasound2-data.
Preparing to unpack .../01-libasound2-data_1.2.6.1-1ubuntu1_all.deb ...
Unpacking libasound2-data (1.2.6.1-1ubuntu1) ...
Selecting previously unselected package libasound2:amd64.
Preparing to unpack .../02-libasound2_1.2.6.1-1ubuntu1_amd64.deb ...
Unpacking libasound2:amd64 (1.2.6.1-1ubuntu1) ...
Selecting previously unselected package alsa-ucm-conf.
Preparing to unpack .../03-alsa-ucm-conf_1.2.6.3-1ubuntu1_all.deb ...
Unpacking alsa-ucm-conf (1.2.6.3-1ubuntu1) ...
Selecting previously unselected package libxi6:amd64.
Preparing to unpack .../04-libxi6_2%3a1.8-1build1_amd64.deb ...
Unpacking libxi6:amd64 (2:1.8-1build1) ...
Selecting previously unselected package libatspi2.0-0:amd64.
Preparing to unpack .../05-libatspi2.0-0_2.44.0-3_amd64.deb ...
Unpacking libatspi2.0-0:amd64 (2.44.0-3) ...
Selecting previously unselected package x11-common.
Preparing to unpack .../06-x11-common_1%3a7.7+23ubuntu2_all.deb ...
Unpacking x11-common (1:7.7+23ubuntu2) ...
Selecting previously unselected package libxtst6:amd64.
Preparing to unpack .../07-libxtst6_2%3a1.2.3-1build4_amd64.deb ...
Unpacking libxtst6:amd64 (2:1.2.3-1build4) ...
Selecting previously unselected package libdconf1:amd64.
Preparing to unpack .../08-libdconf1_0.40.0-3_amd64.deb ...
Unpacking libdconf1:amd64 (0.40.0-3) ...
Selecting previously unselected package dconf-service.
Preparing to unpack .../09-dconf-service_0.40.0-3_amd64.deb ...
Unpacking dconf-service (0.40.0-3) ...
Selecting previously unselected package dconf-gsettings-backend:amd64.
Preparing to unpack .../10-dconf-gsettings-backend_0.40.0-3_amd64.deb ...
Unpacking dconf-gsettings-backend:amd64 (0.40.0-3) ...
Selecting previously unselected package session-migration.
Preparing to unpack .../11-session-migration_0.3.6_amd64.deb ...
Unpacking session-migration (0.3.6) ...
Selecting previously unselected package gsettings-desktop-schemas.
Preparing to unpack .../12-gsettings-desktop-schemas_42.0-1ubuntu1_all.deb ...
Unpacking gsettings-desktop-schemas (42.0-1ubuntu1) ...
Selecting previously unselected package at-spi2-core.
Preparing to unpack .../13-at-spi2-core_2.44.0-3_amd64.deb ...
Unpacking at-spi2-core (2.44.0-3) ...
Selecting previously unselected package java-common.
Preparing to unpack .../14-java-common_0.72build2_all.deb ...
Unpacking java-common (0.72build2) ...
Selecting previously unselected package libavahi-common-data:amd64.
Preparing to unpack .../15-libavahi-common-data_0.8-5ubuntu5_amd64.deb ...
Unpacking libavahi-common-data:amd64 (0.8-5ubuntu5) ...
Selecting previously unselected package libavahi-common3:amd64.
Preparing to unpack .../16-libavahi-common3_0.8-5ubuntu5_amd64.deb ...
Unpacking libavahi-common3:amd64 (0.8-5ubuntu5) ...
Selecting previously unselected package libavahi-client3:amd64.
Preparing to unpack .../17-libavahi-client3_0.8-5ubuntu5_amd64.deb ...
Unpacking libavahi-client3:amd64 (0.8-5ubuntu5) ...
Selecting previously unselected package libcups2:amd64.
Preparing to unpack .../18-libcups2_2.4.1op1-1ubuntu4.1_amd64.deb ...
Unpacking libcups2:amd64 (2.4.1op1-1ubuntu4.1) ...
Selecting previously unselected package liblcms2-2:amd64.
Preparing to unpack .../19-liblcms2-2_2.12~rc1-2build2_amd64.deb ...
Unpacking liblcms2-2:amd64 (2.12~rc1-2build2) ...
Selecting previously unselected package libjpeg-turbo8:amd64.
Preparing to unpack .../20-libjpeg-turbo8_2.1.2-0ubuntu1_amd64.deb ...
Unpacking libjpeg-turbo8:amd64 (2.1.2-0ubuntu1) ...
Selecting previously unselected package libjpeg8:amd64.
Preparing to unpack .../21-libjpeg8_8c-2ubuntu10_amd64.deb ...
Unpacking libjpeg8:amd64 (8c-2ubuntu10) ...
Selecting previously unselected package fonts-dejavu-core.
Preparing to unpack .../22-fonts-dejavu-core_2.37-2build1_all.deb ...
Unpacking fonts-dejavu-core (2.37-2build1) ...
Selecting previously unselected package fontconfig-config.
Preparing to unpack .../23-fontconfig-config_2.13.1-4.2ubuntu5_all.deb ...
Unpacking fontconfig-config (2.13.1-4.2ubuntu5) ...
Selecting previously unselected package libfontconfig1:amd64.
Preparing to unpack .../24-libfontconfig1_2.13.1-4.2ubuntu5_amd64.deb ...
Unpacking libfontconfig1:amd64 (2.13.1-4.2ubuntu5) ...
Selecting previously unselected package libgraphite2-3:amd64.
Preparing to unpack .../25-libgraphite2-3_1.3.14-1build2_amd64.deb ...
Unpacking libgraphite2-3:amd64 (1.3.14-1build2) ...
Selecting previously unselected package libharfbuzz0b:amd64.
Preparing to unpack .../26-libharfbuzz0b_2.7.4-1ubuntu3_amd64.deb ...
Unpacking libharfbuzz0b:amd64 (2.7.4-1ubuntu3) ...
Selecting previously unselected package libpcsclite1:amd64.
Preparing to unpack .../27-libpcsclite1_1.9.5-3_amd64.deb ...
Unpacking libpcsclite1:amd64 (1.9.5-3) ...
Selecting previously unselected package openjdk-11-jre-headless:amd64.
Preparing to unpack .../28-openjdk-11-jre-headless_11.0.15+10-0ubuntu0.22.04.1_amd64.deb ...
Unpacking openjdk-11-jre-headless:amd64 (11.0.15+10-0ubuntu0.22.04.1) ...
Selecting previously unselected package default-jre-headless.
Preparing to unpack .../29-default-jre-headless_2%3a1.11-72build2_amd64.deb ...
Unpacking default-jre-headless (2:1.11-72build2) ...
Selecting previously unselected package ca-certificates-java.
Preparing to unpack .../30-ca-certificates-java_20190909_all.deb ...
Unpacking ca-certificates-java (20190909) ...
Selecting previously unselected package libglvnd0:amd64.
Preparing to unpack .../31-libglvnd0_1.4.0-1_amd64.deb ...
Unpacking libglvnd0:amd64 (1.4.0-1) ...
Selecting previously unselected package libglapi-mesa:amd64.
Preparing to unpack .../32-libglapi-mesa_22.0.1-1ubuntu2.1_amd64.deb ...
Unpacking libglapi-mesa:amd64 (22.0.1-1ubuntu2.1) ...
Selecting previously unselected package libx11-xcb1:amd64.
Preparing to unpack .../33-libx11-xcb1_2%3a1.7.5-1_amd64.deb ...
Unpacking libx11-xcb1:amd64 (2:1.7.5-1) ...
Selecting previously unselected package libxcb-dri2-0:amd64.
Preparing to unpack .../34-libxcb-dri2-0_1.14-3ubuntu3_amd64.deb ...
Unpacking libxcb-dri2-0:amd64 (1.14-3ubuntu3) ...
Selecting previously unselected package libxcb-dri3-0:amd64.
Preparing to unpack .../35-libxcb-dri3-0_1.14-3ubuntu3_amd64.deb ...
Unpacking libxcb-dri3-0:amd64 (1.14-3ubuntu3) ...
Selecting previously unselected package libxcb-glx0:amd64.
Preparing to unpack .../36-libxcb-glx0_1.14-3ubuntu3_amd64.deb ...
Unpacking libxcb-glx0:amd64 (1.14-3ubuntu3) ...
Selecting previously unselected package libxcb-present0:amd64.
Preparing to unpack .../37-libxcb-present0_1.14-3ubuntu3_amd64.deb ...
Unpacking libxcb-present0:amd64 (1.14-3ubuntu3) ...
Selecting previously unselected package libxcb-shm0:amd64.
Preparing to unpack .../38-libxcb-shm0_1.14-3ubuntu3_amd64.deb ...
Unpacking libxcb-shm0:amd64 (1.14-3ubuntu3) ...
Selecting previously unselected package libxcb-sync1:amd64.
Preparing to unpack .../39-libxcb-sync1_1.14-3ubuntu3_amd64.deb ...
Unpacking libxcb-sync1:amd64 (1.14-3ubuntu3) ...
Selecting previously unselected package libxcb-xfixes0:amd64.
Preparing to unpack .../40-libxcb-xfixes0_1.14-3ubuntu3_amd64.deb ...
Unpacking libxcb-xfixes0:amd64 (1.14-3ubuntu3) ...
Selecting previously unselected package libxfixes3:amd64.
Preparing to unpack .../41-libxfixes3_1%3a6.0.0-1_amd64.deb ...
Unpacking libxfixes3:amd64 (1:6.0.0-1) ...
Selecting previously unselected package libxshmfence1:amd64.
Preparing to unpack .../42-libxshmfence1_1.3-1build4_amd64.deb ...
Unpacking libxshmfence1:amd64 (1.3-1build4) ...
Selecting previously unselected package libxxf86vm1:amd64.
Preparing to unpack .../43-libxxf86vm1_1%3a1.1.4-1build3_amd64.deb ...
Unpacking libxxf86vm1:amd64 (1:1.1.4-1build3) ...
Selecting previously unselected package libdrm-amdgpu1:amd64.
Preparing to unpack .../44-libdrm-amdgpu1_2.4.110-1ubuntu1_amd64.deb ...
Unpacking libdrm-amdgpu1:amd64 (2.4.110-1ubuntu1) ...
Selecting previously unselected package libdrm-nouveau2:amd64.
Preparing to unpack .../45-libdrm-nouveau2_2.4.110-1ubuntu1_amd64.deb ...
Unpacking libdrm-nouveau2:amd64 (2.4.110-1ubuntu1) ...
Selecting previously unselected package libdrm-radeon1:amd64.
Preparing to unpack .../46-libdrm-radeon1_2.4.110-1ubuntu1_amd64.deb ...
Unpacking libdrm-radeon1:amd64 (2.4.110-1ubuntu1) ...
Selecting previously unselected package libllvm13:amd64.
Preparing to unpack .../47-libllvm13_1%3a13.0.1-2ubuntu2_amd64.deb ...
Unpacking libllvm13:amd64 (1:13.0.1-2ubuntu2) ...
Selecting previously unselected package libsensors-config.
Preparing to unpack .../48-libsensors-config_1%3a3.6.0-7ubuntu1_all.deb ...
Unpacking libsensors-config (1:3.6.0-7ubuntu1) ...
Selecting previously unselected package libsensors5:amd64.
Preparing to unpack .../49-libsensors5_1%3a3.6.0-7ubuntu1_amd64.deb ...
Unpacking libsensors5:amd64 (1:3.6.0-7ubuntu1) ...
Selecting previously unselected package libvulkan1:amd64.
Preparing to unpack .../50-libvulkan1_1.3.204.1-2_amd64.deb ...
Unpacking libvulkan1:amd64 (1.3.204.1-2) ...
Selecting previously unselected package libgl1-mesa-dri:amd64.
Preparing to unpack .../51-libgl1-mesa-dri_22.0.1-1ubuntu2.1_amd64.deb ...
Unpacking libgl1-mesa-dri:amd64 (22.0.1-1ubuntu2.1) ...
Selecting previously unselected package libglx-mesa0:amd64.
Preparing to unpack .../52-libglx-mesa0_22.0.1-1ubuntu2.1_amd64.deb ...
Unpacking libglx-mesa0:amd64 (22.0.1-1ubuntu2.1) ...
Selecting previously unselected package libglx0:amd64.
Preparing to unpack .../53-libglx0_1.4.0-1_amd64.deb ...
Unpacking libglx0:amd64 (1.4.0-1) ...
Selecting previously unselected package libgl1:amd64.
Preparing to unpack .../54-libgl1_1.4.0-1_amd64.deb ...
Unpacking libgl1:amd64 (1.4.0-1) ...
Selecting previously unselected package libgif7:amd64.
Preparing to unpack .../55-libgif7_5.1.9-2build2_amd64.deb ...
Unpacking libgif7:amd64 (5.1.9-2build2) ...
Selecting previously unselected package libxrender1:amd64.
Preparing to unpack .../56-libxrender1_1%3a0.9.10-1build4_amd64.deb ...
Unpacking libxrender1:amd64 (1:0.9.10-1build4) ...
Selecting previously unselected package openjdk-11-jre:amd64.
Preparing to unpack .../57-openjdk-11-jre_11.0.15+10-0ubuntu0.22.04.1_amd64.deb ...
Unpacking openjdk-11-jre:amd64 (11.0.15+10-0ubuntu0.22.04.1) ...
Selecting previously unselected package default-jre.
Preparing to unpack .../58-default-jre_2%3a1.11-72build2_amd64.deb ...
Unpacking default-jre (2:1.11-72build2) ...
Selecting previously unselected package fonts-dejavu-extra.
Preparing to unpack .../59-fonts-dejavu-extra_2.37-2build1_all.deb ...
Unpacking fonts-dejavu-extra (2.37-2build1) ...
Selecting previously unselected package libatk1.0-data.
Preparing to unpack .../60-libatk1.0-data_2.36.0-3build1_all.deb ...
Unpacking libatk1.0-data (2.36.0-3build1) ...
Selecting previously unselected package libatk1.0-0:amd64.
Preparing to unpack .../61-libatk1.0-0_2.36.0-3build1_amd64.deb ...
Unpacking libatk1.0-0:amd64 (2.36.0-3build1) ...
Selecting previously unselected package libatk-bridge2.0-0:amd64.
Preparing to unpack .../62-libatk-bridge2.0-0_2.38.0-3_amd64.deb ...
Unpacking libatk-bridge2.0-0:amd64 (2.38.0-3) ...
Selecting previously unselected package libfontenc1:amd64.
Preparing to unpack .../63-libfontenc1_1%3a1.1.4-1build3_amd64.deb ...
Unpacking libfontenc1:amd64 (1:1.1.4-1build3) ...
Selecting previously unselected package libice6:amd64.
Preparing to unpack .../64-libice6_2%3a1.0.10-1build2_amd64.deb ...
Unpacking libice6:amd64 (2:1.0.10-1build2) ...
Selecting previously unselected package libsm6:amd64.
Preparing to unpack .../65-libsm6_2%3a1.2.3-1build2_amd64.deb ...
Unpacking libsm6:amd64 (2:1.2.3-1build2) ...
Selecting previously unselected package libxt6:amd64.
Preparing to unpack .../66-libxt6_1%3a1.2.1-1_amd64.deb ...
Unpacking libxt6:amd64 (1:1.2.1-1) ...
Selecting previously unselected package libxmu6:amd64.
Preparing to unpack .../67-libxmu6_2%3a1.1.3-3_amd64.deb ...
Unpacking libxmu6:amd64 (2:1.1.3-3) ...
Selecting previously unselected package libxpm4:amd64.
Preparing to unpack .../68-libxpm4_1%3a3.5.12-1build2_amd64.deb ...
Unpacking libxpm4:amd64 (1:3.5.12-1build2) ...
Selecting previously unselected package libxaw7:amd64.
Preparing to unpack .../69-libxaw7_2%3a1.0.14-1_amd64.deb ...
Unpacking libxaw7:amd64 (2:1.0.14-1) ...
Selecting previously unselected package libxcb-shape0:amd64.
Preparing to unpack .../70-libxcb-shape0_1.14-3ubuntu3_amd64.deb ...
Unpacking libxcb-shape0:amd64 (1.14-3ubuntu3) ...
Selecting previously unselected package libxcomposite1:amd64.
Preparing to unpack .../71-libxcomposite1_1%3a0.4.5-1build2_amd64.deb ...
Unpacking libxcomposite1:amd64 (1:0.4.5-1build2) ...
Selecting previously unselected package libxft2:amd64.
Preparing to unpack .../72-libxft2_2.3.4-1_amd64.deb ...
Unpacking libxft2:amd64 (2.3.4-1) ...
Selecting previously unselected package libxinerama1:amd64.
Preparing to unpack .../73-libxinerama1_2%3a1.1.4-3_amd64.deb ...
Unpacking libxinerama1:amd64 (2:1.1.4-3) ...
Selecting previously unselected package libxkbfile1:amd64.
Preparing to unpack .../74-libxkbfile1_1%3a1.1.0-1build3_amd64.deb ...
Unpacking libxkbfile1:amd64 (1:1.1.0-1build3) ...
Selecting previously unselected package libxrandr2:amd64.
Preparing to unpack .../75-libxrandr2_2%3a1.5.2-1build1_amd64.deb ...
Unpacking libxrandr2:amd64 (2:1.5.2-1build1) ...
Selecting previously unselected package libxv1:amd64.
Preparing to unpack .../76-libxv1_2%3a1.0.11-1build2_amd64.deb ...
Unpacking libxv1:amd64 (2:1.0.11-1build2) ...
Selecting previously unselected package libxxf86dga1:amd64.
Preparing to unpack .../77-libxxf86dga1_2%3a1.1.5-0ubuntu3_amd64.deb ...
Unpacking libxxf86dga1:amd64 (2:1.1.5-0ubuntu3) ...
Selecting previously unselected package x11-utils.
Preparing to unpack .../78-x11-utils_7.7+5build2_amd64.deb ...
Unpacking x11-utils (7.7+5build2) ...
Selecting previously unselected package libatk-wrapper-java.
Preparing to unpack .../79-libatk-wrapper-java_0.38.0-5build1_all.deb ...
Unpacking libatk-wrapper-java (0.38.0-5build1) ...
Selecting previously unselected package libatk-wrapper-java-jni:amd64.
Preparing to unpack .../80-libatk-wrapper-java-jni_0.38.0-5build1_amd64.deb ...
Unpacking libatk-wrapper-java-jni:amd64 (0.38.0-5build1) ...
Selecting previously unselected package libpciaccess0:amd64.
Preparing to unpack .../81-libpciaccess0_0.16-3_amd64.deb ...
Unpacking libpciaccess0:amd64 (0.16-3) ...
Selecting previously unselected package libdrm-intel1:amd64.
Preparing to unpack .../82-libdrm-intel1_2.4.110-1ubuntu1_amd64.deb ...
Unpacking libdrm-intel1:amd64 (2.4.110-1ubuntu1) ...
Selecting previously unselected package libgl1-amber-dri:amd64.
Preparing to unpack .../83-libgl1-amber-dri_21.3.7-0ubuntu1_amd64.deb ...
Unpacking libgl1-amber-dri:amd64 (21.3.7-0ubuntu1) ...
Selecting previously unselected package libwayland-client0:amd64.
Preparing to unpack .../84-libwayland-client0_1.20.0-1_amd64.deb ...
Unpacking libwayland-client0:amd64 (1.20.0-1) ...
Selecting previously unselected package libxcb-randr0:amd64.
Preparing to unpack .../85-libxcb-randr0_1.14-3ubuntu3_amd64.deb ...
Unpacking libxcb-randr0:amd64 (1.14-3ubuntu3) ...
Selecting previously unselected package mesa-vulkan-drivers:amd64.
Preparing to unpack .../86-mesa-vulkan-drivers_22.0.1-1ubuntu2.1_amd64.deb ...
Unpacking mesa-vulkan-drivers:amd64 (22.0.1-1ubuntu2.1) ...
Setting up libgraphite2-3:amd64 (1.3.14-1build2) ...
Setting up libxcb-dri3-0:amd64 (1.14-3ubuntu3) ...
Setting up liblcms2-2:amd64 (2.12~rc1-2build2) ...
Setting up libx11-xcb1:amd64 (2:1.7.5-1) ...
Setting up libpciaccess0:amd64 (0.16-3) ...
Setting up session-migration (0.3.6) ...
Created symlink /etc/systemd/user/graphical-session-pre.target.wants/session-migration.service → /usr/lib/systemd/user/session-migration.service.
Setting up libdrm-nouveau2:amd64 (2.4.110-1ubuntu1) ...
Setting up libxcb-xfixes0:amd64 (1.14-3ubuntu3) ...
Setting up libxpm4:amd64 (1:3.5.12-1build2) ...
Setting up libxi6:amd64 (2:1.8-1build1) ...
Setting up java-common (0.72build2) ...
Setting up libxrender1:amd64 (1:0.9.10-1build4) ...
Setting up libdrm-radeon1:amd64 (2.4.110-1ubuntu1) ...
Setting up libglvnd0:amd64 (1.4.0-1) ...
Setting up libxcb-glx0:amd64 (1.14-3ubuntu3) ...
Setting up libdrm-intel1:amd64 (2.4.110-1ubuntu1) ...
Setting up libxcb-shape0:amd64 (1.14-3ubuntu3) ...
Setting up x11-common (1:7.7+23ubuntu2) ...
Setting up libsensors-config (1:3.6.0-7ubuntu1) ...
Setting up libxxf86dga1:amd64 (2:1.1.5-0ubuntu3) ...
Setting up libxcb-shm0:amd64 (1.14-3ubuntu3) ...
Setting up libatspi2.0-0:amd64 (2.44.0-3) ...
Setting up libxxf86vm1:amd64 (1:1.1.4-1build3) ...
Setting up libxcb-present0:amd64 (1.14-3ubuntu3) ...
Setting up libdconf1:amd64 (0.40.0-3) ...
Setting up libasound2-data (1.2.6.1-1ubuntu1) ...
Setting up libfontenc1:amd64 (1:1.1.4-1build3) ...
Setting up libxfixes3:amd64 (1:6.0.0-1) ...
Setting up libxcb-sync1:amd64 (1.14-3ubuntu3) ...
Setting up libavahi-common-data:amd64 (0.8-5ubuntu5) ...
Setting up libxinerama1:amd64 (2:1.1.4-3) ...
Setting up libxv1:amd64 (2:1.0.11-1build2) ...
Setting up libxrandr2:amd64 (2:1.5.2-1build1) ...
Setting up fonts-dejavu-core (2.37-2build1) ...
Setting up libllvm13:amd64 (1:13.0.1-2ubuntu2) ...
Setting up libpcsclite1:amd64 (1.9.5-3) ...
Setting up libsensors5:amd64 (1:3.6.0-7ubuntu1) ...
Setting up libjpeg-turbo8:amd64 (2.1.2-0ubuntu1) ...
Setting up libglapi-mesa:amd64 (22.0.1-1ubuntu2.1) ...
Setting up libvulkan1:amd64 (1.3.204.1-2) ...
Setting up libxcb-dri2-0:amd64 (1.14-3ubuntu3) ...
Setting up libgif7:amd64 (5.1.9-2build2) ...
Setting up libatk1.0-data (2.36.0-3build1) ...
Setting up fonts-dejavu-extra (2.37-2build1) ...
Setting up alsa-topology-conf (1.2.5.1-2) ...
Setting up libxshmfence1:amd64 (1.3-1build4) ...
Setting up libxcb-randr0:amd64 (1.14-3ubuntu3) ...
Setting up libasound2:amd64 (1.2.6.1-1ubuntu1) ...
Setting up libharfbuzz0b:amd64 (2.7.4-1ubuntu3) ...
Setting up libatk1.0-0:amd64 (2.36.0-3build1) ...
Setting up libxkbfile1:amd64 (1:1.1.0-1build3) ...
Setting up libxcomposite1:amd64 (1:0.4.5-1build2) ...
Setting up libdrm-amdgpu1:amd64 (2.4.110-1ubuntu1) ...
Setting up libwayland-client0:amd64 (1.20.0-1) ...
Setting up libjpeg8:amd64 (8c-2ubuntu10) ...
Setting up libgl1-amber-dri:amd64 (21.3.7-0ubuntu1) ...
Setting up mesa-vulkan-drivers:amd64 (22.0.1-1ubuntu2.1) ...
Setting up libice6:amd64 (2:1.0.10-1build2) ...
Setting up alsa-ucm-conf (1.2.6.3-1ubuntu1) ...
Setting up fontconfig-config (2.13.1-4.2ubuntu5) ...
Setting up libxtst6:amd64 (2:1.2.3-1build4) ...
Setting up libgl1-mesa-dri:amd64 (22.0.1-1ubuntu2.1) ...
Setting up libavahi-common3:amd64 (0.8-5ubuntu5) ...
Setting up dconf-service (0.40.0-3) ...
Setting up libatk-bridge2.0-0:amd64 (2.38.0-3) ...
Setting up libfontconfig1:amd64 (2.13.1-4.2ubuntu5) ...
Setting up libsm6:amd64 (2:1.2.3-1build2) ...
Setting up libavahi-client3:amd64 (0.8-5ubuntu5) ...
Setting up libxft2:amd64 (2.3.4-1) ...
Setting up libglx-mesa0:amd64 (22.0.1-1ubuntu2.1) ...
Setting up libglx0:amd64 (1.4.0-1) ...
Setting up dconf-gsettings-backend:amd64 (0.40.0-3) ...
Setting up libgl1:amd64 (1.4.0-1) ...
Setting up libxt6:amd64 (1:1.2.1-1) ...
Setting up libcups2:amd64 (2.4.1op1-1ubuntu4.1) ...
Setting up gsettings-desktop-schemas (42.0-1ubuntu1) ...
Setting up libxmu6:amd64 (2:1.1.3-3) ...
Setting up libxaw7:amd64 (2:1.0.14-1) ...
Setting up x11-utils (7.7+5build2) ...
Setting up libatk-wrapper-java (0.38.0-5build1) ...
Setting up libatk-wrapper-java-jni:amd64 (0.38.0-5build1) ...
Setting up default-jre-headless (2:1.11-72build2) ...
Setting up openjdk-11-jre-headless:amd64 (11.0.15+10-0ubuntu0.22.04.1) ...
update-alternatives: using /usr/lib/jvm/java-11-openjdk-amd64/bin/java to provide /usr/bin/java (java) in auto mode
update-alternatives: using /usr/lib/jvm/java-11-openjdk-amd64/bin/jjs to provide /usr/bin/jjs (jjs) in auto mode
update-alternatives: using /usr/lib/jvm/java-11-openjdk-amd64/bin/keytool to provide /usr/bin/keytool (keytool) in auto mode
update-alternatives: using /usr/lib/jvm/java-11-openjdk-amd64/bin/rmid to provide /usr/bin/rmid (rmid) in auto mode
update-alternatives: using /usr/lib/jvm/java-11-openjdk-amd64/bin/rmiregistry to provide /usr/bin/rmiregistry (rmiregistry) in auto mode
update-alternatives: using /usr/lib/jvm/java-11-openjdk-amd64/bin/pack200 to provide /usr/bin/pack200 (pack200) in auto mode
update-alternatives: using /usr/lib/jvm/java-11-openjdk-amd64/bin/unpack200 to provide /usr/bin/unpack200 (unpack200) in auto mode
update-alternatives: using /usr/lib/jvm/java-11-openjdk-amd64/lib/jexec to provide /usr/bin/jexec (jexec) in auto mode
Setting up openjdk-11-jre:amd64 (11.0.15+10-0ubuntu0.22.04.1) ...
Setting up default-jre (2:1.11-72build2) ...
Setting up ca-certificates-java (20190909) ...
head: cannot open '/etc/ssl/certs/java/cacerts' for reading: No such file or directory
Adding debian:Cybertrust_Global_Root.pem
Adding debian:Autoridad_de_Certificacion_Firmaprofesional_CIF_A62634068.pem
Adding debian:certSIGN_ROOT_CA.pem
Adding debian:Staat_der_Nederlanden_EV_Root_CA.pem
Adding debian:Certum_EC-384_CA.pem
Adding debian:COMODO_RSA_Certification_Authority.pem
Adding debian:T-TeleSec_GlobalRoot_Class_3.pem
Adding debian:OISTE_WISeKey_Global_Root_GC_CA.pem
Adding debian:AC_RAIZ_FNMT-RCM.pem
Adding debian:Certigna_Root_CA.pem
Adding debian:Secure_Global_CA.pem
Adding debian:SSL.com_EV_Root_Certification_Authority_RSA_R2.pem
Adding debian:D-TRUST_Root_Class_3_CA_2_2009.pem
Adding debian:certSIGN_Root_CA_G2.pem
Adding debian:SwissSign_Gold_CA_-_G2.pem
Adding debian:emSign_ECC_Root_CA_-_C3.pem
Adding debian:Buypass_Class_2_Root_CA.pem
Adding debian:QuoVadis_Root_CA_3.pem
Adding debian:Amazon_Root_CA_1.pem
Adding debian:IdenTrust_Public_Sector_Root_CA_1.pem
Adding debian:Hellenic_Academic_and_Research_Institutions_RootCA_2011.pem
Adding debian:AffirmTrust_Commercial.pem
Adding debian:COMODO_Certification_Authority.pem
Adding debian:DigiCert_High_Assurance_EV_Root_CA.pem
Adding debian:SZAFIR_ROOT_CA2.pem
Adding debian:ePKI_Root_Certification_Authority.pem
Adding debian:D-TRUST_Root_Class_3_CA_2_EV_2009.pem
Adding debian:T-TeleSec_GlobalRoot_Class_2.pem
Adding debian:Baltimore_CyberTrust_Root.pem
Adding debian:GlobalSign_Root_E46.pem
Adding debian:TrustCor_RootCert_CA-1.pem
Adding debian:Certum_Trusted_Network_CA_2.pem
Adding debian:GlobalSign_Root_CA_-_R6.pem
Adding debian:GlobalSign_Root_CA_-_R2.pem
Adding debian:XRamp_Global_CA_Root.pem
Adding debian:AffirmTrust_Premium_ECC.pem
Adding debian:UCA_Extended_Validation_Root.pem
Adding debian:QuoVadis_Root_CA_3_G3.pem
Adding debian:CFCA_EV_ROOT.pem
Adding debian:Entrust_Root_Certification_Authority.pem
Adding debian:UCA_Global_G2_Root.pem
Adding debian:SSL.com_EV_Root_Certification_Authority_ECC.pem
Adding debian:TrustCor_RootCert_CA-2.pem
Adding debian:Izenpe.com.pem
Adding debian:DigiCert_Assured_ID_Root_G3.pem
Adding debian:DigiCert_Global_Root_G3.pem
Adding debian:Trustwave_Global_ECC_P256_Certification_Authority.pem
Adding debian:Trustwave_Global_Certification_Authority.pem
Adding debian:TWCA_Root_Certification_Authority.pem
Adding debian:SwissSign_Silver_CA_-_G2.pem
Adding debian:Hellenic_Academic_and_Research_Institutions_ECC_RootCA_2015.pem
Adding debian:GLOBALTRUST_2020.pem
Adding debian:ANF_Secure_Server_Root_CA.pem
Adding debian:GTS_Root_R3.pem
Adding debian:COMODO_ECC_Certification_Authority.pem
Adding debian:Atos_TrustedRoot_2011.pem
Adding debian:Hongkong_Post_Root_CA_3.pem
Adding debian:Certum_Trusted_Root_CA.pem
Adding debian:QuoVadis_Root_CA_2_G3.pem
Adding debian:GlobalSign_Root_CA_-_R3.pem
Adding debian:Amazon_Root_CA_4.pem
Adding debian:GlobalSign_Root_R46.pem
Adding debian:TeliaSonera_Root_CA_v1.pem
Adding debian:Go_Daddy_Class_2_CA.pem
Adding debian:Microsec_e-Szigno_Root_CA_2009.pem
Adding debian:Microsoft_ECC_Root_Certificate_Authority_2017.pem
Adding debian:ACCVRAIZ1.pem
Adding debian:NAVER_Global_Root_Certification_Authority.pem
Adding debian:GlobalSign_Root_CA.pem
Adding debian:emSign_Root_CA_-_C1.pem
Adding debian:Entrust_Root_Certification_Authority_-_G4.pem
Adding debian:Hellenic_Academic_and_Research_Institutions_RootCA_2015.pem
Adding debian:Starfield_Services_Root_Certificate_Authority_-_G2.pem
Adding debian:Certum_Trusted_Network_CA.pem
Adding debian:DigiCert_Assured_ID_Root_G2.pem
Adding debian:CA_Disig_Root_R2.pem
Adding debian:Entrust.net_Premium_2048_Secure_Server_CA.pem
Adding debian:DigiCert_Global_Root_CA.pem
Adding debian:Go_Daddy_Root_Certificate_Authority_-_G2.pem
Adding debian:SecureSign_RootCA11.pem
Adding debian:QuoVadis_Root_CA_2.pem
Adding debian:EC-ACC.pem
Adding debian:SecureTrust_CA.pem
Adding debian:TUBITAK_Kamu_SM_SSL_Kok_Sertifikasi_-_Surum_1.pem
Adding debian:GTS_Root_R2.pem
Adding debian:Actalis_Authentication_Root_CA.pem
Adding debian:DigiCert_Global_Root_G2.pem
Adding debian:IdenTrust_Commercial_Root_CA_1.pem
Adding debian:SSL.com_Root_Certification_Authority_ECC.pem
Adding debian:Entrust_Root_Certification_Authority_-_EC1.pem
Adding debian:TWCA_Global_Root_CA.pem
Adding debian:USERTrust_RSA_Certification_Authority.pem
Adding debian:emSign_Root_CA_-_G1.pem
Adding debian:OISTE_WISeKey_Global_Root_GB_CA.pem
Adding debian:QuoVadis_Root_CA_1_G3.pem
Adding debian:Comodo_AAA_Services_root.pem
Adding debian:Security_Communication_Root_CA.pem
Adding debian:NetLock_Arany_=Class_Gold=_Főtanúsítvány.pem
Adding debian:DigiCert_Trusted_Root_G4.pem
Adding debian:GlobalSign_ECC_Root_CA_-_R5.pem
Adding debian:Entrust_Root_Certification_Authority_-_G2.pem
Adding debian:Starfield_Root_Certificate_Authority_-_G2.pem
Adding debian:Trustwave_Global_ECC_P384_Certification_Authority.pem
Adding debian:Security_Communication_RootCA2.pem
Adding debian:GTS_Root_R4.pem
Adding debian:GlobalSign_ECC_Root_CA_-_R4.pem
Adding debian:TrustCor_ECA-1.pem
Adding debian:Certigna.pem
Adding debian:USERTrust_ECC_Certification_Authority.pem
Adding debian:ISRG_Root_X1.pem
Adding debian:emSign_ECC_Root_CA_-_G3.pem
Adding debian:DigiCert_Assured_ID_Root_CA.pem
Adding debian:SSL.com_Root_Certification_Authority_RSA.pem
Adding debian:Amazon_Root_CA_2.pem
Adding debian:e-Szigno_Root_CA_2017.pem
Adding debian:Microsoft_RSA_Root_Certificate_Authority_2017.pem
Adding debian:GDCA_TrustAUTH_R5_ROOT.pem
Adding debian:Buypass_Class_3_Root_CA.pem
Adding debian:AffirmTrust_Networking.pem
Adding debian:GTS_Root_R1.pem
Adding debian:Hongkong_Post_Root_CA_1.pem
Adding debian:AffirmTrust_Premium.pem
Adding debian:AC_RAIZ_FNMT-RCM_SERVIDORES_SEGUROS.pem
Adding debian:Network_Solutions_Certificate_Authority.pem
Adding debian:Amazon_Root_CA_3.pem
Adding debian:E-Tugra_Certification_Authority.pem
Adding debian:Starfield_Class_2_CA.pem
done.
Processing triggers for libglib2.0-0:amd64 (2.72.1-1) ...
Processing triggers for libc-bin (2.35-0ubuntu3) ...
Processing triggers for man-db (2.10.2-1) ...
Processing triggers for ca-certificates (20211016) ...
Updating certificates in /etc/ssl/certs...
0 added, 0 removed; done.
Running hooks in /etc/ca-certificates/update.d...

done.
done.
Setting up at-spi2-core (2.44.0-3) ...
Scanning processes...
Scanning linux images...

Running kernel seems to be up-to-date.

No services need to be restarted.

No containers need to be restarted.

No user sessions are running outdated binaries.

No VM guests are running outdated hypervisor (qemu) binaries on this host.
ubuntu@ip-172-31-5-255:~$ sudo apt install default-jdk
Reading package lists... Done
Building dependency tree... Done
Reading state information... Done
The following additional packages will be installed:
  default-jdk-headless libice-dev libpthread-stubs0-dev libsm-dev libx11-dev libxau-dev libxcb1-dev libxdmcp-dev
  libxt-dev openjdk-11-jdk openjdk-11-jdk-headless x11proto-dev xorg-sgml-doctools xtrans-dev
Suggested packages:
  libice-doc libsm-doc libx11-doc libxcb-doc libxt-doc openjdk-11-demo openjdk-11-source visualvm
The following NEW packages will be installed:
  default-jdk default-jdk-headless libice-dev libpthread-stubs0-dev libsm-dev libx11-dev libxau-dev libxcb1-dev
  libxdmcp-dev libxt-dev openjdk-11-jdk openjdk-11-jdk-headless x11proto-dev xorg-sgml-doctools xtrans-dev
0 upgraded, 15 newly installed, 0 to remove and 22 not upgraded.
Need to get 218 MB of archives.
After this operation, 233 MB of additional disk space will be used.
Do you want to continue? [Y/n] y
Get:1 http://ap-south-1.ec2.archive.ubuntu.com/ubuntu jammy-updates/main amd64 openjdk-11-jdk-headless amd64 11.0.15+10-0ubuntu0.22.04.1 [214 MB]
Get:2 http://ap-south-1.ec2.archive.ubuntu.com/ubuntu jammy/main amd64 default-jdk-headless amd64 2:1.11-72build2 [942 B]
Get:3 http://ap-south-1.ec2.archive.ubuntu.com/ubuntu jammy-updates/main amd64 openjdk-11-jdk amd64 11.0.15+10-0ubuntu0.22.04.1 [2569 kB]
Get:4 http://ap-south-1.ec2.archive.ubuntu.com/ubuntu jammy/main amd64 default-jdk amd64 2:1.11-72build2 [908 B]
Get:5 http://ap-south-1.ec2.archive.ubuntu.com/ubuntu jammy/main amd64 xorg-sgml-doctools all 1:1.11-1.1 [10.9 kB]
Get:6 http://ap-south-1.ec2.archive.ubuntu.com/ubuntu jammy/main amd64 x11proto-dev all 2021.5-1 [604 kB]
Get:7 http://ap-south-1.ec2.archive.ubuntu.com/ubuntu jammy/main amd64 libice-dev amd64 2:1.0.10-1build2 [51.4 kB]
Get:8 http://ap-south-1.ec2.archive.ubuntu.com/ubuntu jammy/main amd64 libpthread-stubs0-dev amd64 0.4-1build2 [5516 B]
Get:9 http://ap-south-1.ec2.archive.ubuntu.com/ubuntu jammy/main amd64 libsm-dev amd64 2:1.2.3-1build2 [18.1 kB]
Get:10 http://ap-south-1.ec2.archive.ubuntu.com/ubuntu jammy/main amd64 libxau-dev amd64 1:1.0.9-1build5 [9724 B]
Get:11 http://ap-south-1.ec2.archive.ubuntu.com/ubuntu jammy/main amd64 libxdmcp-dev amd64 1:1.1.3-0ubuntu5 [26.5 kB]
Get:12 http://ap-south-1.ec2.archive.ubuntu.com/ubuntu jammy/main amd64 xtrans-dev all 1.4.0-1 [68.9 kB]
Get:13 http://ap-south-1.ec2.archive.ubuntu.com/ubuntu jammy/main amd64 libxcb1-dev amd64 1.14-3ubuntu3 [86.5 kB]
Get:14 http://ap-south-1.ec2.archive.ubuntu.com/ubuntu jammy/main amd64 libx11-dev amd64 2:1.7.5-1 [744 kB]
Get:15 http://ap-south-1.ec2.archive.ubuntu.com/ubuntu jammy/main amd64 libxt-dev amd64 1:1.2.1-1 [396 kB]
Fetched 218 MB in 36s (6081 kB/s)
Selecting previously unselected package openjdk-11-jdk-headless:amd64.
(Reading database ... 65253 files and directories currently installed.)
Preparing to unpack .../00-openjdk-11-jdk-headless_11.0.15+10-0ubuntu0.22.04.1_amd64.deb ...
Unpacking openjdk-11-jdk-headless:amd64 (11.0.15+10-0ubuntu0.22.04.1) ...
Selecting previously unselected package default-jdk-headless.
Preparing to unpack .../01-default-jdk-headless_2%3a1.11-72build2_amd64.deb ...
Unpacking default-jdk-headless (2:1.11-72build2) ...
Selecting previously unselected package openjdk-11-jdk:amd64.
Preparing to unpack .../02-openjdk-11-jdk_11.0.15+10-0ubuntu0.22.04.1_amd64.deb ...
Unpacking openjdk-11-jdk:amd64 (11.0.15+10-0ubuntu0.22.04.1) ...
Selecting previously unselected package default-jdk.
Preparing to unpack .../03-default-jdk_2%3a1.11-72build2_amd64.deb ...
Unpacking default-jdk (2:1.11-72build2) ...
Selecting previously unselected package xorg-sgml-doctools.
Preparing to unpack .../04-xorg-sgml-doctools_1%3a1.11-1.1_all.deb ...
Unpacking xorg-sgml-doctools (1:1.11-1.1) ...
Selecting previously unselected package x11proto-dev.
Preparing to unpack .../05-x11proto-dev_2021.5-1_all.deb ...
Unpacking x11proto-dev (2021.5-1) ...
Selecting previously unselected package libice-dev:amd64.
Preparing to unpack .../06-libice-dev_2%3a1.0.10-1build2_amd64.deb ...
Unpacking libice-dev:amd64 (2:1.0.10-1build2) ...
Selecting previously unselected package libpthread-stubs0-dev:amd64.
Preparing to unpack .../07-libpthread-stubs0-dev_0.4-1build2_amd64.deb ...
Unpacking libpthread-stubs0-dev:amd64 (0.4-1build2) ...
Selecting previously unselected package libsm-dev:amd64.
Preparing to unpack .../08-libsm-dev_2%3a1.2.3-1build2_amd64.deb ...
Unpacking libsm-dev:amd64 (2:1.2.3-1build2) ...
Selecting previously unselected package libxau-dev:amd64.
Preparing to unpack .../09-libxau-dev_1%3a1.0.9-1build5_amd64.deb ...
Unpacking libxau-dev:amd64 (1:1.0.9-1build5) ...
Selecting previously unselected package libxdmcp-dev:amd64.
Preparing to unpack .../10-libxdmcp-dev_1%3a1.1.3-0ubuntu5_amd64.deb ...
Unpacking libxdmcp-dev:amd64 (1:1.1.3-0ubuntu5) ...
Selecting previously unselected package xtrans-dev.
Preparing to unpack .../11-xtrans-dev_1.4.0-1_all.deb ...
Unpacking xtrans-dev (1.4.0-1) ...
Selecting previously unselected package libxcb1-dev:amd64.
Preparing to unpack .../12-libxcb1-dev_1.14-3ubuntu3_amd64.deb ...
Unpacking libxcb1-dev:amd64 (1.14-3ubuntu3) ...
Selecting previously unselected package libx11-dev:amd64.
Preparing to unpack .../13-libx11-dev_2%3a1.7.5-1_amd64.deb ...
Unpacking libx11-dev:amd64 (2:1.7.5-1) ...
Selecting previously unselected package libxt-dev:amd64.
Preparing to unpack .../14-libxt-dev_1%3a1.2.1-1_amd64.deb ...
Unpacking libxt-dev:amd64 (1:1.2.1-1) ...
Setting up openjdk-11-jdk-headless:amd64 (11.0.15+10-0ubuntu0.22.04.1) ...
update-alternatives: using /usr/lib/jvm/java-11-openjdk-amd64/bin/jar to provide /usr/bin/jar (jar) in auto mode
update-alternatives: using /usr/lib/jvm/java-11-openjdk-amd64/bin/jarsigner to provide /usr/bin/jarsigner (jarsigner) in auto mode
update-alternatives: using /usr/lib/jvm/java-11-openjdk-amd64/bin/javac to provide /usr/bin/javac (javac) in auto mode
update-alternatives: using /usr/lib/jvm/java-11-openjdk-amd64/bin/javadoc to provide /usr/bin/javadoc (javadoc) in auto mode
update-alternatives: using /usr/lib/jvm/java-11-openjdk-amd64/bin/javap to provide /usr/bin/javap (javap) in auto mode
update-alternatives: using /usr/lib/jvm/java-11-openjdk-amd64/bin/jcmd to provide /usr/bin/jcmd (jcmd) in auto mode
update-alternatives: using /usr/lib/jvm/java-11-openjdk-amd64/bin/jdb to provide /usr/bin/jdb (jdb) in auto mode
update-alternatives: using /usr/lib/jvm/java-11-openjdk-amd64/bin/jdeprscan to provide /usr/bin/jdeprscan (jdeprscan) in auto mode
update-alternatives: using /usr/lib/jvm/java-11-openjdk-amd64/bin/jdeps to provide /usr/bin/jdeps (jdeps) in auto mode
update-alternatives: using /usr/lib/jvm/java-11-openjdk-amd64/bin/jfr to provide /usr/bin/jfr (jfr) in auto mode
update-alternatives: using /usr/lib/jvm/java-11-openjdk-amd64/bin/jimage to provide /usr/bin/jimage (jimage) in auto mode
update-alternatives: using /usr/lib/jvm/java-11-openjdk-amd64/bin/jinfo to provide /usr/bin/jinfo (jinfo) in auto mode
update-alternatives: using /usr/lib/jvm/java-11-openjdk-amd64/bin/jlink to provide /usr/bin/jlink (jlink) in auto mode
update-alternatives: using /usr/lib/jvm/java-11-openjdk-amd64/bin/jmap to provide /usr/bin/jmap (jmap) in auto mode
update-alternatives: using /usr/lib/jvm/java-11-openjdk-amd64/bin/jmod to provide /usr/bin/jmod (jmod) in auto mode
update-alternatives: using /usr/lib/jvm/java-11-openjdk-amd64/bin/jps to provide /usr/bin/jps (jps) in auto mode
update-alternatives: using /usr/lib/jvm/java-11-openjdk-amd64/bin/jrunscript to provide /usr/bin/jrunscript (jrunscript) in auto mode
update-alternatives: using /usr/lib/jvm/java-11-openjdk-amd64/bin/jshell to provide /usr/bin/jshell (jshell) in auto mode
update-alternatives: using /usr/lib/jvm/java-11-openjdk-amd64/bin/jstack to provide /usr/bin/jstack (jstack) in auto mode
update-alternatives: using /usr/lib/jvm/java-11-openjdk-amd64/bin/jstat to provide /usr/bin/jstat (jstat) in auto mode
update-alternatives: using /usr/lib/jvm/java-11-openjdk-amd64/bin/jstatd to provide /usr/bin/jstatd (jstatd) in auto mode
update-alternatives: using /usr/lib/jvm/java-11-openjdk-amd64/bin/rmic to provide /usr/bin/rmic (rmic) in auto mode
update-alternatives: using /usr/lib/jvm/java-11-openjdk-amd64/bin/serialver to provide /usr/bin/serialver (serialver) in auto mode
update-alternatives: using /usr/lib/jvm/java-11-openjdk-amd64/bin/jaotc to provide /usr/bin/jaotc (jaotc) in auto mode
update-alternatives: using /usr/lib/jvm/java-11-openjdk-amd64/bin/jhsdb to provide /usr/bin/jhsdb (jhsdb) in auto mode
Setting up libpthread-stubs0-dev:amd64 (0.4-1build2) ...
Setting up xtrans-dev (1.4.0-1) ...
Setting up default-jdk-headless (2:1.11-72build2) ...
Setting up openjdk-11-jdk:amd64 (11.0.15+10-0ubuntu0.22.04.1) ...
update-alternatives: using /usr/lib/jvm/java-11-openjdk-amd64/bin/jconsole to provide /usr/bin/jconsole (jconsole) in auto mode
Setting up xorg-sgml-doctools (1:1.11-1.1) ...
Setting up x11proto-dev (2021.5-1) ...
Setting up libxau-dev:amd64 (1:1.0.9-1build5) ...
Setting up libice-dev:amd64 (2:1.0.10-1build2) ...
Setting up libsm-dev:amd64 (2:1.2.3-1build2) ...
Setting up default-jdk (2:1.11-72build2) ...
Setting up libxdmcp-dev:amd64 (1:1.1.3-0ubuntu5) ...
Setting up libxcb1-dev:amd64 (1.14-3ubuntu3) ...
Setting up libx11-dev:amd64 (2:1.7.5-1) ...
Setting up libxt-dev:amd64 (1:1.2.1-1) ...
Processing triggers for man-db (2.10.2-1) ...
Scanning processes...
Scanning linux images...

Running kernel seems to be up-to-date.

No services need to be restarted.

No containers need to be restarted.

No user sessions are running outdated binaries.

No VM guests are running outdated hypervisor (qemu) binaries on this host.
ubuntu@ip-172-31-5-255:~$ curl -fsSL https://pkg.jenkins.io/debian/jenkins.io.key | sudo tee \
>   /usr/share/keyrings/jenkins-keyring.asc > /dev/null
ubuntu@ip-172-31-5-255:~$ echo deb [signed-by=/usr/share/keyrings/jenkins-keyring.asc] \
>   https://pkg.jenkins.io/debian binary/ | sudo tee \
>   /etc/apt/sources.list.d/jenkins.list > /dev/null
ubuntu@ip-172-31-5-255:~$ sudo apt-get update
Ign:1 https://pkg.jenkins.io/debian binary/ InRelease
Get:2 https://pkg.jenkins.io/debian binary/ Release [2044 B]
Get:3 https://pkg.jenkins.io/debian binary/ Release.gpg [833 B]
Get:4 https://pkg.jenkins.io/debian binary/ Packages [46.0 kB]
Hit:5 http://ap-south-1.ec2.archive.ubuntu.com/ubuntu jammy InRelease
Hit:6 http://ap-south-1.ec2.archive.ubuntu.com/ubuntu jammy-updates InRelease
Hit:7 http://security.ubuntu.com/ubuntu jammy-security InRelease
Hit:8 http://ap-south-1.ec2.archive.ubuntu.com/ubuntu jammy-backports InRelease
Fetched 48.9 kB in 1s (70.9 kB/s)
Reading package lists... Done
ubuntu@ip-172-31-5-255:~$ sudo apt-get install jenkins
Reading package lists... Done
Building dependency tree... Done
Reading state information... Done
The following additional packages will be installed:
  net-tools
The following NEW packages will be installed:
  jenkins net-tools
0 upgraded, 2 newly installed, 0 to remove and 22 not upgraded.
Need to get 90.8 MB of archives.
After this operation, 94.3 MB of additional disk space will be used.
Do you want to continue? [Y/n] y
Get:1 http://ap-south-1.ec2.archive.ubuntu.com/ubuntu jammy/main amd64 net-tools amd64 1.60+git20181103.0eebece-1ubuntu5 [204 kB]
Get:2 https://pkg.jenkins.io/debian binary/ jenkins 2.357 [90.5 MB]
Fetched 90.8 MB in 44s (2046 kB/s)
Selecting previously unselected package net-tools.
(Reading database ... 66040 files and directories currently installed.)
Preparing to unpack .../net-tools_1.60+git20181103.0eebece-1ubuntu5_amd64.deb ...
Unpacking net-tools (1.60+git20181103.0eebece-1ubuntu5) ...
Selecting previously unselected package jenkins.
Preparing to unpack .../archives/jenkins_2.357_all.deb ...
Unpacking jenkins (2.357) ...
Setting up net-tools (1.60+git20181103.0eebece-1ubuntu5) ...
Setting up jenkins (2.357) ...
Created symlink /etc/systemd/system/multi-user.target.wants/jenkins.service → /lib/systemd/system/jenkins.service.
Processing triggers for man-db (2.10.2-1) ...
Scanning processes...
Scanning linux images...

Running kernel seems to be up-to-date.

No services need to be restarted.

No containers need to be restarted.

No user sessions are running outdated binaries.

No VM guests are running outdated hypervisor (qemu) binaries on this host.
ubuntu@ip-172-31-5-255:~$ systemctl status jenkins.service
● jenkins.service - Jenkins Continuous Integration Server
     Loaded: loaded (/lib/systemd/system/jenkins.service; enabled; vendor preset: enabled)
     Active: active (running) since Sat 2022-07-02 02:52:34 UTC; 2min 7s ago
   Main PID: 4560 (java)
      Tasks: 43 (limit: 4692)
     Memory: 1.2G
        CPU: 41.469s
     CGroup: /system.slice/jenkins.service
             └─4560 /usr/bin/java -Djava.awt.headless=true -jar /usr/share/java/jenkins.war --webroot=/var/cache/jenkin>
Jul 02 02:52:16 ip-172-31-5-255 jenkins[4560]: This may also be found at: /var/lib/jenkins/secrets/initialAdminPassword
Jul 02 02:52:16 ip-172-31-5-255 jenkins[4560]: *************************************************************
Jul 02 02:52:16 ip-172-31-5-255 jenkins[4560]: *************************************************************
Jul 02 02:52:16 ip-172-31-5-255 jenkins[4560]: *************************************************************
Jul 02 02:52:34 ip-172-31-5-255 jenkins[4560]: 2022-07-02 02:52:34.484+0000 [id=31]        INFO        jenkins.InitReac>Jul 02 02:52:34 ip-172-31-5-255 jenkins[4560]: 2022-07-02 02:52:34.522+0000 [id=22]        INFO        hudson.lifecycle>Jul 02 02:52:34 ip-172-31-5-255 systemd[1]: Started Jenkins Continuous Integration Server.
Jul 02 02:52:35 ip-172-31-5-255 jenkins[4560]: 2022-07-02 02:52:35.406+0000 [id=46]        INFO        h.m.DownloadServ>Jul 02 02:52:35 ip-172-31-5-255 jenkins[4560]: 2022-07-02 02:52:35.407+0000 [id=46]        INFO        hudson.util.Retr>Jul 02 02:52:35 ip-172-31-5-255 jenkins[4560]: 2022-07-02 02:52:35.418+0000 [id=46]        INFO        hudson.model.Asy>lines 1-20/20 (END)...skipping...
● jenkins.service - Jenkins Continuous Integration Server
     Loaded: loaded (/lib/systemd/system/jenkins.service; enabled; vendor preset: enabled)
     Active: active (running) since Sat 2022-07-02 02:52:34 UTC; 2min 7s ago
   Main PID: 4560 (java)
      Tasks: 43 (limit: 4692)
     Memory: 1.2G
        CPU: 41.469s
     CGroup: /system.slice/jenkins.service
             └─4560 /usr/bin/java -Djava.awt.headless=true -jar /usr/share/java/jenkins.war --webroot=/var/cache/jenkins/war --httpPort=8080

Jul 02 02:52:16 ip-172-31-5-255 jenkins[4560]: This may also be found at: /var/lib/jenkins/secrets/initialAdminPassword
Jul 02 02:52:16 ip-172-31-5-255 jenkins[4560]: *************************************************************
Jul 02 02:52:16 ip-172-31-5-255 jenkins[4560]: *************************************************************
Jul 02 02:52:16 ip-172-31-5-255 jenkins[4560]: *************************************************************
Jul 02 02:52:34 ip-172-31-5-255 jenkins[4560]: 2022-07-02 02:52:34.484+0000 [id=31]        INFO        jenkins.InitReactorRunner$1#onAttained: Completed initialization
Jul 02 02:52:34 ip-172-31-5-255 jenkins[4560]: 2022-07-02 02:52:34.522+0000 [id=22]        INFO        hudson.lifecycle.Lifecycle#onReady: Jenkins is fully up and running
Jul 02 02:52:34 ip-172-31-5-255 systemd[1]: Started Jenkins Continuous Integration Server.
Jul 02 02:52:35 ip-172-31-5-255 jenkins[4560]: 2022-07-02 02:52:35.406+0000 [id=46]        INFO        h.m.DownloadService$Downloadable#load: Obtained the updated data file for hudson.tasks.Maven.MavenInstaller
Jul 02 02:52:35 ip-172-31-5-255 jenkins[4560]: 2022-07-02 02:52:35.407+0000 [id=46]        INFO        hudson.util.Retrier#start: Performed the action check updates server successfully at the attempt #1
Jul 02 02:52:35 ip-172-31-5-255 jenkins[4560]: 2022-07-02 02:52:35.418+0000 [id=46]        INFO        hudson.model.AsyncPeriodicWork#lambda$doRun$1: Finished Download metadata. 19,997 ms
~
~
~
~
~
~
~
~
~
~
~
~
~
~
~
~
~
~
~
~
~
~
~
~
~
~
~
~
~
ubuntu@ip-172-31-5-255:~$ sudo cat /var/lib/jenkins/secrets/initialAdminPassword
5e9c2c4d905a430a9e520ac3e259cf7b
ubuntu@ip-172-31-5-255:~$ sudo /var/lib/jenkins
sudo: /var/lib/jenkins: command not found
ubuntu@ip-172-31-5-255:~$ sudo /var/lib/jenkins/
sudo: /var/lib/jenkins/: command not found
ubuntu@ip-172-31-5-255:~$ sudo ls  /var/lib/jenkins/
config.xml                                          jenkins.telemetry.Correlator.xml  secret.key.not-so-secret
hudson.model.UpdateCenter.xml                       jobs                              secrets
hudson.plugins.emailext.ExtendedEmailPublisher.xml  logs                              updates
hudson.plugins.git.GitTool.xml                      nodeMonitors.xml                  userContent
identity.key.enc                                    nodes                             users
jenkins.install.InstallUtil.lastExecVersion         plugins                           workspace
jenkins.install.UpgradeWizard.state                 queue.xml
jenkins.model.JenkinsLocationConfiguration.xml      secret.key
ubuntu@ip-172-31-5-255:~$ sudo ls  /var/lib/jenkins/secrets/
hudson.console.AnnotatedLargeText.consoleAnnotator
hudson.console.ConsoleNote.MAC
hudson.model.Job.serverCookie
hudson.util.Secret
initialAdminPassword
jenkins.model.Jenkins.crumbSalt
master.key
org.jenkinsci.main.modules.instance_identity.InstanceIdentity.KEY
org.springframework.security.web.authentication.rememberme.TokenBasedRememberMeServices.mac
ubuntu@ip-172-31-5-255:~$ sudo ls  /var/lib/jenkins/secrets/initialAdminPassword
/var/lib/jenkins/secrets/initialAdminPassword
ubuntu@ip-172-31-5-255:~$ sudo vim  /var/lib/jenkins/config.xml
ubuntu@ip-172-31-5-255:~$ ubuntu@ip-172-31-5-255:~$ sudo ls  /var/lib/jenkins/
config.xml                                          jenkins.telemetry.Correlator.xml  secret.key.not-so-secret
hudson.model.UpdateCenter.xml                       jobs                              secrets
hudson.plugins.emailext.ExtendedEmailPublisher.xml  logs                              updates
hudson.plugins.git.GitTool.xml                      nodeMonitors.xml                  userContent
identity.key.enc                                    nodes                             users
jenkins.install.InstallUtil.lastExecVersion         plugins                           workspace
jenkins.install.UpgradeWizard.state                 queue.xml
jenkins.model.JenkinsLocationConfiguration.xml      secret.key
ubuntu@ip-172-31-5-255:~$ cd /var/lib/jenkins/workspace/first_project
ubuntu@ip-172-31-5-255:/var/lib/jenkins/workspace/first_project$ ls
hello
ubuntu@ip-172-31-5-255:/var/lib/jenkins/workspace/first_project$ /bin/sh-xe/gtemp/263348595233756789.sh
-bash: /bin/sh-xe/gtemp/263348595233756789.sh: No such file or directory
ubuntu@ip-172-31-5-255:/var/lib/jenkins/workspace/first_project$ ls -id hello/
286805 hello/
ubuntu@ip-172-31-5-255:/var/lib/jenkins/workspace/first_project$ vi /etc/passwd/
ubuntu@ip-172-31-5-255:/var/lib/jenkins/workspace/first_project$ vi /etc/passwd
ubuntu@ip-172-31-5-255:/var/lib/jenkins/workspace/first_project$ mkdir /example
mkdir: cannot create directory ‘/example’: Permission denied
ubuntu@ip-172-31-5-255:/var/lib/jenkins/workspace/first_project$ sudo passwd jenkins
New password:
Retype new password:
passwd: password updated successfully
ubuntu@ip-172-31-5-255:/var/lib/jenkins/workspace/first_project$ sudo su-jenkins
sudo: su-jenkins: command not found
ubuntu@ip-172-31-5-255:/var/lib/jenkins/workspace/first_project$ sudo su - jenkins
jenkins@ip-172-31-5-255:~$ sudo -i
[sudo] password for jenkins:
jenkins is not in the sudoers file.  This incident will be reported.
jenkins@ip-172-31-5-255:~$ vi /etc/sudoers
jenkins@ip-172-31-5-255:~$ sudo visudo
[sudo] password for jenkins:
jenkins is not in the sudoers file.  This incident will be reported.
jenkins@ip-172-31-5-255:~$ exit
logout
ubuntu@ip-172-31-5-255:/var/lib/jenkins/workspace/first_project$ cd..
cd..: command not found
ubuntu@ip-172-31-5-255:/var/lib/jenkins/workspace/first_project$ vi /etc/sudoers
ubuntu@ip-172-31-5-255:/var/lib/jenkins/workspace/first_project$ vi /etc/sudoers.d/
ubuntu@ip-172-31-5-255:/var/lib/jenkins/workspace/first_project$ visudo
visudo: /etc/sudoers: Permission denied
ubuntu@ip-172-31-5-255:/var/lib/jenkins/workspace/first_project$ sudo -i
root@ip-172-31-5-255:~# vi /etc/sudoers
root@ip-172-31-5-255:~# vi /etc/sudoers.d
root@ip-172-31-5-255:~# root@ip-172-31-5-255:~# vi /etc/sudoers
root@ip-172-31-5-255:~# root@ip-172-31-5-255:~#
ubuntu@ip-172-31-5-255:~$ sudo su - jenkins
jenkins@ip-172-31-5-255:~$ sudo ls
config.xml                                          jenkins.telemetry.Correlator.xml  secret.key.not-so-secret
hudson.model.UpdateCenter.xml                       jobs                              secrets
hudson.plugins.emailext.ExtendedEmailPublisher.xml  logs                              updates
hudson.plugins.git.GitTool.xml                      nodeMonitors.xml                  userContent
identity.key.enc                                    nodes                             users
jenkins.install.InstallUtil.lastExecVersion         plugins                           workspace
jenkins.install.UpgradeWizard.state                 queue.xml
jenkins.model.JenkinsLocationConfiguration.xml      secret.key
jenkins@ip-172-31-5-255:~$ logout
ubuntu@ip-172-31-5-255:~$ sudo passwd jenkins
New password:
Retype new password:
passwd: password updated successfully
ubuntu@ip-172-31-5-255:~$ visudo
visudo: /etc/sudoers: Permission denied
ubuntu@ip-172-31-5-255:~$ sudo -i
root@ip-172-31-5-255:~# visudo
visudo: /etc/sudoers.tmp unchanged
visudo: /etc/sudoers.tmp unchanged